[district-egypt.com/index.html]
[district-egypt.com/wp-content/themes/district/images/logo.png]
[backblue.gif]
[fade.gif]
[index.html]
[district-egypt.com/wp-content/plugins/contact-form-7/includes/css/styleseb11.css]
[district-egypt.com/wp-content/themes/district/style7e8a.css]
[district-egypt.com/wp-includes/js/jquery/jqueryc1d8.js]
[district-egypt.com/wp-includes/js/jquery/jquery-migrate.min1576.js]
[district-egypt.com/xmlrpc0db0.php]
[district-egypt.com/wp-includes/wlwmanifest.xml]
[district-egypt.com/wp-admin/admin-ajax.php]
[district-egypt.com/wp-content/uploads/2016/02/logo.png]
[district-egypt.com/events]
[district-egypt.com/wp-content/uploads/2016/02/IMG_7130.jpg]
[district-egypt.com/wp-content/uploads/2016/03/District-2.jpg]
[district-egypt.com/wp-content/uploads/2016/02/IMG_8293.png]
[district-egypt.com/wp-content/uploads/2016/02/43.jpg]
[district-egypt.com/wp-content/uploads/2016/02/banner2.png]
[district-egypt.com/wp-content/uploads/2016/02/white-sp.png]
[district-egypt.com/wp-content/uploads/2016/02/banner3.jpg]
[district-egypt.com/wp-content/uploads/2016/02/white-sp2.png]
[district-egypt.com/wp-content/uploads/2016/02/banner4-e1459754758342.jpg]
[district-egypt.com/wp-content/uploads/2016/02/summite-logo.png]
[district-egypt.com/wp-content/uploads/2016/02/footer.jpg]
[district-egypt.com/wp-content/uploads/2016/02/footer-logo.png]
[district-egypt.com/wp-content/plugins/contact-form-7/includes/js/jquery.form.mind03d.js]
[district-egypt.com/wp-content/plugins/contact-form-7/includes/js/scriptseb11.js]
[district-egypt.com/wp-content/themes/district/js/jquery.min11a8.js]
[district-egypt.com/wp-content/themes/district/js/frame.minaab5.js]
[district-egypt.com/wp-content/themes/district/js/functions1e58.js]
[district-egypt.com/wp-includes/js/wp-embed.min7e8a.js]
[district-egypt.com/index.html]
[district-egypt.com/feed/index.html]
[district-egypt.com/comments/feed/index.html]
[district-egypt.com/wp-content/plugins/contact-form-7/includes/css/styleseb11.css]
[district-egypt.com/wp-content/themes/district/fonts/glyphicons-halflings-regular.eot]
[district-egypt.com/wp-content/themes/district/fonts/glyphicons-halflings-regulard41d.eot]
[district-egypt.com/wp-content/themes/district/fonts/glyphicons-halflings-regular.woff2]
[district-egypt.com/wp-content/themes/district/fonts/glyphicons-halflings-regular.woff]
[district-egypt.com/wp-content/themes/district/fonts/glyphicons-halflings-regular.ttf]
[district-egypt.com/wp-content/themes/district/fonts/glyphicons-halflings-regular.svg]
[district-egypt.com/wp-content/themes/district/fonts/fontawesome-webfont3295.eot]
[district-egypt.com/wp-content/themes/district/fonts/fontawesome-webfontd41d.eot]
[district-egypt.com/wp-content/themes/district/fonts/fontawesome-webfont3295.woff2]
[district-egypt.com/wp-content/themes/district/fonts/fontawesome-webfont3295.woff]
[district-egypt.com/wp-content/themes/district/fonts/fontawesome-webfont3295.ttf]
[district-egypt.com/wp-content/themes/district/fonts/fontawesome-webfont3295.svg]
[district-egypt.com/wp-content/themes/district/images/banner.jpg]
[district-egypt.com/wp-content/themes/district/images/bannerabout.jpg]
[district-egypt.com/wp-content/themes/district/images/xpand-bg.png]
[district-egypt.com/wp-content/themes/district/images/soft-bg.png]
[district-egypt.com/wp-content/themes/district/images/contact-bg.jpg]
[district-egypt.com/wp-content/themes/district/images/media.jpg]
[district-egypt.com/wp-content/themes/district/images/evebts.jpg]
[district-egypt.com/wp-content/themes/district/images/form-header.jpg]
[district-egypt.com/wp-content/themes/district/images/banner3.jpg]
[district-egypt.com/wp-content/themes/district/images/banner4.jpg]
[district-egypt.com/wp-content/themes/district/images/location.png]
[district-egypt.com/wp-content/themes/district/images/calender.png]
[district-egypt.com/wp-content/themes/district/images/map.png]
[district-egypt.com/wp-content/themes/district/images/thespace.jpg]
[district-egypt.com/wp-content/themes/district/style7e8a.css]
[district-egypt.com/wp-includes/js/jquery/jqueryc1d8.html]
[district-egypt.com/wp-includes/js/jquery/jquery-migrate.min1576.html]
[district-egypt.com/wp-json/index.html]
[district-egypt.com/xmlrpc0db0.html]
[district-egypt.com/wp-admin/admin-ajax.html]
[district-egypt.com/the-space/index.html]
[district-egypt.com/soft-landing/index.html]
[district-egypt.com/xpand-summits/index.html]
[district-egypt.com/media/index.html]
[district-egypt.com/events.html]
[district-egypt.com/about-district/index.html]
[district-egypt.com/pricing/index.html]
[district-egypt.com/xpand/index.html]
[district-egypt.com/contact-us/index.html]
[district-egypt.com/wp-content/plugins/contact-form-7/includes/js/jquery.form.mind03d.html]
[district-egypt.com/wp-content/plugins/contact-form-7/includes/js/scriptseb11.html]
[district-egypt.com/wp-content/themes/district/js/jquery.min11a8.html]
[district-egypt.com/wp-content/themes/district/js/frame.minaab5.html]
[district-egypt.com/wp-content/themes/district/js/functions1e58.html]
[district-egypt.com/wp-includes/js/wp-embed.min7e8a.html]
[district-egypt.com/wp-content/themes/district/fonts/glyphicons-halflings-regular.html]
[district-egypt.com/wp-content/themes/district/fonts/glyphicons-halflings-regulard41d.html]
[district-egypt.com/wp-content/themes/district/fonts/glyphicons-halflings-regular-2.html]
[district-egypt.com/wp-content/themes/district/fonts/glyphicons-halflings-regular-3.html]
[district-egypt.com/wp-content/themes/district/fonts/glyphicons-halflings-regular-4.html]
[district-egypt.com/wp-content/themes/district/fonts/glyphicons-halflings-regular-5.html]
[district-egypt.com/wp-content/themes/district/fonts/fontawesome-webfont3295.html]
[district-egypt.com/wp-content/themes/district/fonts/fontawesome-webfontd41d.html]
[district-egypt.com/wp-content/themes/district/fonts/fontawesome-webfont3295-2.html]
[district-egypt.com/wp-content/themes/district/fonts/fontawesome-webfont3295-3.html]
[district-egypt.com/wp-content/themes/district/fonts/fontawesome-webfont3295-4.html]
[district-egypt.com/wp-content/themes/district/fonts/fontawesome-webfont3295-5.html]
[district-egypt.com/wp-content/themes/district/images/banner.html]
[district-egypt.com/wp-content/themes/district/images/bannerabout.html]
[district-egypt.com/wp-content/themes/district/images/xpand-bg.html]
[district-egypt.com/wp-content/themes/district/images/soft-bg.html]
[district-egypt.com/wp-content/themes/district/images/contact-bg.html]
[district-egypt.com/wp-content/themes/district/images/media.html]
[district-egypt.com/wp-content/themes/district/images/evebts.html]
[district-egypt.com/wp-content/themes/district/images/form-header.html]
[district-egypt.com/wp-content/themes/district/images/banner3.html]
[district-egypt.com/wp-content/themes/district/images/banner4.html]
[district-egypt.com/wp-content/themes/district/images/thespace.html]
